443623567096307717	2014-09-02T15:22:44	2014-09-03T00:48:43Z	4147981	demo-workablehr	54.198.230.235	Local7	Info	app/web.2	[c609f88d-5c52-42c5-8326-72743d434cba] [VISITOR #24dfccc4-5e7d-41b6-837c-ecdfb6b17185] [USER #45061424]   [1m[36mCACHE (0.0ms)[0m  [1mSELECT  1 AS one FROM "postings"  FROM "cheese" JOIN "blueberries" JOIN "cheese" WHERE "postings"."job_id" = $1 AND "postings"."published" = 't' AND "postings"."job_board_id" IN (SELECT "job_boards"."id" FROM "job_boards"  WHERE "job_boards"."free" = 't') LIMIT 1[0m  [["job_id", 862485972]] 